// Jest Snapshot v1, https://goo.gl/fbAQLP

exports[`renders without crashing 1`] = `
<View
  accessibilityComponentType={undefined}
  accessibilityLabel={undefined}
  accessibilityTraits={undefined}
  accessible={false}
  hitSlop={undefined}
  nativeID={undefined}
  onLayout={undefined}
  onResponderGrant={[Function]}
  onResponderMove={[Function]}
  onResponderRelease={[Function]}
  onResponderTerminate={[Function]}
  onResponderTerminationRequest={[Function]}
  onStartShouldSetResponder={[Function]}
  style={
    Object {
      "alignItems": "center",
      "backgroundColor": "#fff",
      "flex": 1,
      "justifyContent": "flex-start",
      "paddingHorizontal": 20,
      "paddingVertical": 90,
    }
  }
  testID={undefined}
>
  <Image
    source={
      Object {
        "testUri": "../../../assets/images/icons/lock.png",
      }
    }
    style={
      Object {
        "height": 110,
        "marginBottom": 10,
        "width": 80,
      }
    }
  />
  <Text
    accessible={true}
    allowFontScaling={true}
    ellipsizeMode="tail"
    style={
      Object {
        "color": "#0093A8",
        "fontFamily": "Caviar Dreams Bold",
        "fontSize": 20,
        "marginBottom": 15,
        "textAlign": "center",
      }
    }
  >
    Enter a new 4-digit passcode
  </Text>
  <TextInput
    allowFontScaling={true}
    autoFocus={true}
    caretHidden={true}
    keyboardType="numeric"
    maxLength={4}
    onChangeText={[Function]}
    onSubmitEditing={[Function]}
    placeholder="◯ ◯ ◯ ◯"
    secureTextEntry={true}
    style={
      Object {
        "fontSize": 20,
        "height": 40,
        "textAlign": "center",
      }
    }
    value=""
  />
  <Text
    accessible={true}
    allowFontScaling={true}
    ellipsizeMode="tail"
    style={
      Object {
        "color": "#C00",
        "textAlign": "center",
      }
    }
  />
</View>
`;
